4448.lean:7:8: warning: `hi` has been deprecated
4448.lean:7:12: warning: `hi` has been deprecated